C_CHECK_VERSION = 19900
C_LOGIN_ARBITER = 44027
C_PLAYER_LOCATION = 31621
S_ABNORMALITY_BEGIN = 29313
S_ABNORMALITY_END = 39606
S_ABNORMALITY_REFRESH = 22293
S_ACTION_END = 61553
S_ACTION_STAGE = 60387
S_BOSS_GAGE_INFO = 56765
S_CHAT = 43483
S_CREATURE_CHANGE_HP = 43383
S_CREATURE_LIFE = 62264
S_CREATURE_ROTATE = 58602
S_CREST_INFO = 44417
S_CREST_MESSAGE = 63244
S_DESPAWN_NPC = 57392
S_DESPAWN_USER = 25909
S_EACH_SKILL_RESULT = 33934
S_FIN_INTER_PARTY_MATCH = 28162
S_GET_USER_GUILD_LOGO = 50076
S_GET_USER_LIST = 36719
S_INSTANT_DASH = 38098
S_INSTANT_MOVE = 30170
S_LEAVE_PARTY = 22423
S_LOAD_TOPO = 50711
S_LOGIN = 43302
S_LOGIN_ARBITER = 61711
S_NPC_LOCATION = 57323
S_NPC_OCCUPIER_INFO = 48371
S_NPC_STATUS = 27061
S_PARTY_MEMBER_CHANGE_HP = 31252
S_PARTY_MEMBER_LIST = 53925
S_PARTY_MEMBER_STAT_UPDATE = 57475
S_PLAYER_CHANGE_MP = 64942
S_PLAYER_STAT_UPDATE = 64459
S_PRIVATE_CHAT = 29577
S_REQUEST_CONTRACT = 43686
S_RETURN_TO_LOBBY = 21878
S_SPAWN_ME = 44833
S_SPAWN_NPC = 41494
S_SPAWN_PROJECTILE = 33543
S_SPAWN_USER = 52779
S_START_COOLTIME_SKILL = 23234
S_START_USER_PROJECTILE = 43605
S_SYSTEM_MESSAGE = 58340
S_USER_LOCATION = 32916
S_USER_STATUS = 33252
S_WEAK_POINT = 65036
S_WHISPER = 63762